INFO:     Will watch for changes in these directories: ['D:\\PROJECT\\agentic_learning']
INFO:     Uvicorn running on http://127.0.0.1:8001 (Press CTRL+C to quit)
INFO:     Started reloader process [32184] using StatReload
INFO:     Started server process [2776]
INFO:     Waiting for application startup.
INFO:     Application startup complete.
WARNING:  StatReload detected changes in 'lib\agentic\nodes\student_state_init_node.py'. Reloading...
INFO:     Shutting down
INFO:     Waiting for connections to close. (CTRL+C to force quit)
D:\PROJECT\agentic_learning\.venv\Lib\site-packages\google\cloud\firestore_v1\base_collection.py:317: UserWarning: Detected filter using positional arguments. Prefer using the 'filter' keyword argument instead.
  return query.where(field_path, op_string, value)
INFO:     Waiting for application shutdown.
ERROR:    Traceback (most recent call last):
  File "D:\PROJECT\agentic_learning\.venv\Lib\site-packages\starlette\routing.py", line 694, in lifespan
    async with self.lifespan_context(app) as maybe_state:
               ^^^^^^^^^^^^^^^^^^^^^^^^^^
  File "D:\python312\Lib\contextlib.py", line 217, in __aexit__
    await anext(self.gen)
  File "D:\PROJECT\agentic_learning\main.py", line 79, in lifespan
    finally:
            ^
TypeError: object NoneType can't be used in 'await' expression

ERROR:    Application shutdown failed. Exiting.
INFO:     Finished server process [2776]
INFO:     Started server process [25400]
INFO:     Waiting for application startup.
INFO:     Application startup complete.
D:\PROJECT\agentic_learning\.venv\Lib\site-packages\google\cloud\firestore_v1\base_collection.py:317: UserWarning: Detected filter using positional arguments. Prefer using the 'filter' keyword argument instead.
  return query.where(field_path, op_string, value)
D:\PROJECT\agentic_learning\.venv\Lib\site-packages\google\cloud\firestore_v1\base_collection.py:317: UserWarning: Detected filter using positional arguments. Prefer using the 'filter' keyword argument instead.
  return query.where(field_path, op_string, value)
WARNING:  StatReload detected changes in 'main.py'. Reloading...
INFO:     Shutting down
INFO:     Waiting for application shutdown.
ERROR:    Traceback (most recent call last):
  File "D:\PROJECT\agentic_learning\.venv\Lib\site-packages\starlette\routing.py", line 694, in lifespan
    async with self.lifespan_context(app) as maybe_state:
               ^^^^^^^^^^^^^^^^^^^^^^^^^^
  File "D:\python312\Lib\contextlib.py", line 217, in __aexit__
    await anext(self.gen)
  File "D:\PROJECT\agentic_learning\main.py", line 81, in lifespan
    if firestore_client is not None:
        ^^^^^^^^^^^^^^^^^^^^^^^^^^^^^
TypeError: object NoneType can't be used in 'await' expression

ERROR:    Application shutdown failed. Exiting.
INFO:     Finished server process [25400]
INFO:     Started server process [23200]
INFO:     Waiting for application startup.
INFO:     Application startup complete.
